{
    "pools": [
        {
            "rolls": 1,
            "entries": [
                {
                    "type": "item",
                    "name": "apple",
                    "weight": 5
                },
                {
                    "type": "empty",
                    "weight": 95
                }
            ]
        },
        {
            "rolls": 1,
            "entries": [
                {
                    "type": "item",
                    "name": "golden_apple",
                    "weight": 0.1
                },
                {
                    "type": "empty",
                    "weight": 99.9
                }
            ]
        },
        {
            "rolls": 1,
            "entries": [
                {
                    "type": "item",
                    "name": "exnihilo:silkworm",
                    "weight": 2.5
                },
                {
                    "type": "empty",
                    "weight": 97.5
                }
            ]
        }
    ]
}