{
    "pools": [
        {
            "rolls": 1,
            "entries": [
                {
                    "type": "loot_table",
                    "name": "loot_tables/sieve/leaves/golden/1.json"
                }
            ]
        },
        {
            "rolls": 1,
            "entries": [
                {
                    "type": "item",
                    "name": "apple",
                    "weight": 10
                },
                {
                    "type": "empty",
                    "weight": 90
                }
            ]
        },
        {
            "rolls": 1,
            "entries": [
                {
                    "type": "item",
                    "name": "golden_apple",
                    "weight": 0.3
                },
                {
                    "type": "empty",
                    "weight": 99.7
                }
            ]
        },
        {
            "rolls": 1,
            "entries": [
                {
                    "type": "item",
                    "name": "exnihilo:silkworm",
                    "weight": 5
                },
                {
                    "type": "empty",
                    "weight": 95
                }
            ]
        }
    ]
}