{
    "pools": [
        {
            "rolls": 1,
            "entries": [
                {
                    "type": "loot_table",
                    "name": "loot_tables/sieve/leaves/golden/2.json"
                }
            ]
        },
        {
            "rolls": 1,
            "entries": [
                {
                    "type": "item",
                    "name": "apple",
                    "weight": 15
                },
                {
                    "type": "empty",
                    "weight": 85
                }
            ]
        },
        {
            "rolls": 1,
            "entries": [
                {
                    "type": "item",
                    "name": "golden_apple",
                    "weight": 0.5
                },
                {
                    "type": "empty",
                    "weight": 99.5
                }
            ]
        },
        {
            "rolls": 1,
            "entries": [
                {
                    "type": "item",
                    "name": "exnihilo:silkworm",
                    "weight": 10
                },
                {
                    "type": "empty",
                    "weight": 90
                }
            ]
        }
    ]
}